// Jest Snapshot v1, https://goo.gl/fbAQLP

exports[`matches the snapshot 1`] = `
<div
  className="app__comments__comment"
>
  <h2>
    Connan Mockasin
  </h2>
  ★★★★★
  <p>
    Amazing!
  </p>
</div>
`;
